[ PT
    ( Pn 0 1 1 )
    ( TK
        ( TokSymbol
            { tsText = "func"
            , tsID = 44
            }
        )
    )
, PT
    ( Pn 5 1 6 )
    ( T_IDENT "main" )
, PT
    ( Pn 9 1 10 )
    ( TK
        ( TokSymbol
            { tsText = "("
            , tsID = 6
            }
        )
    )
, PT
    ( Pn 10 1 11 )
    ( TK
        ( TokSymbol
            { tsText = ")"
            , tsID = 7
            }
        )
    )
, PT
    ( Pn 12 1 13 )
    ( TK
        ( TokSymbol
            { tsText = "@"
            , tsID = 29
            }
        )
    )
, PT
    ( Pn 13 1 14 )
    ( TK
        ( TokSymbol
            { tsText = "void"
            , tsID = 60
            }
        )
    )
, PT
    ( Pn 17 1 18 )
    ( TK
        ( TokSymbol
            { tsText = ":"
            , tsID = 18
            }
        )
    )
, PT
    ( Pn 23 2 5 )
    ( TK
        ( TokSymbol
            { tsText = "nil"
            , tsID = 50
            }
        )
    )
, PT
    ( Pn 26 2 8 )
    ( TK
        ( TokSymbol
            { tsText = ";"
            , tsID = 20
            }
        )
    )
, PT
    ( Pn 32 3 5 )
    ( TK
        ( TokSymbol
            { tsText = "true"
            , tsID = 54
            }
        )
    )
, PT
    ( Pn 36 3 9 )
    ( TK
        ( TokSymbol
            { tsText = ";"
            , tsID = 20
            }
        )
    )
, PT
    ( Pn 42 4 5 )
    ( TK
        ( TokSymbol
            { tsText = "false"
            , tsID = 43
            }
        )
    )
, PT
    ( Pn 47 4 10 )
    ( TK
        ( TokSymbol
            { tsText = ";"
            , tsID = 20
            }
        )
    )
, PT
    ( Pn 53 5 5 )
    ( TC "'c'" )
, PT
    ( Pn 56 5 8 )
    ( TK
        ( TokSymbol
            { tsText = ";"
            , tsID = 20
            }
        )
    )
, PT
    ( Pn 62 6 5 )
    ( TI "1" )
, PT
    ( Pn 63 6 6 )
    ( TK
        ( TokSymbol
            { tsText = ";"
            , tsID = 20
            }
        )
    )
, PT
    ( Pn 69 7 5 )
    ( TD "3.14159" )
, PT
    ( Pn 76 7 12 )
    ( TK
        ( TokSymbol
            { tsText = ";"
            , tsID = 20
            }
        )
    )
, PT
    ( Pn 82 8 5 )
    ( TL "string" )
, PT
    ( Pn 90 8 13 )
    ( TK
        ( TokSymbol
            { tsText = ";"
            , tsID = 20
            }
        )
    )
, PT
    ( Pn 96 9 5 )
    ( T_IDENT "x" )
, PT
    ( Pn 97 9 6 )
    ( TK
        ( TokSymbol
            { tsText = ";"
            , tsID = 20
            }
        )
    )
, PT
    ( Pn 103 10 5 )
    ( T_IDENT "main" )
, PT
    ( Pn 107 10 9 )
    ( TK
        ( TokSymbol
            { tsText = "("
            , tsID = 6
            }
        )
    )
, PT
    ( Pn 108 10 10 )
    ( TK
        ( TokSymbol
            { tsText = ")"
            , tsID = 7
            }
        )
    )
, PT
    ( Pn 109 10 11 )
    ( TK
        ( TokSymbol
            { tsText = ";"
            , tsID = 20
            }
        )
    )
, PT
    ( Pn 115 11 5 )
    ( T_IDENT "main" )
, PT
    ( Pn 119 11 9 )
    ( TK
        ( TokSymbol
            { tsText = "("
            , tsID = 6
            }
        )
    )
, PT
    ( Pn 120 11 10 )
    ( TI "1" )
, PT
    ( Pn 121 11 11 )
    ( TK
        ( TokSymbol
            { tsText = ")"
            , tsID = 7
            }
        )
    )
, PT
    ( Pn 122 11 12 )
    ( TK
        ( TokSymbol
            { tsText = ";"
            , tsID = 20
            }
        )
    )
, PT
    ( Pn 128 12 5 )
    ( T_IDENT "main" )
, PT
    ( Pn 132 12 9 )
    ( TK
        ( TokSymbol
            { tsText = "("
            , tsID = 6
            }
        )
    )
, PT
    ( Pn 133 12 10 )
    ( TI "1" )
, PT
    ( Pn 134 12 11 )
    ( TK
        ( TokSymbol
            { tsText = ","
            , tsID = 12
            }
        )
    )
, PT
    ( Pn 136 12 13 )
    ( TI "2" )
, PT
    ( Pn 137 12 14 )
    ( TK
        ( TokSymbol
            { tsText = ")"
            , tsID = 7
            }
        )
    )
, PT
    ( Pn 138 12 15 )
    ( TK
        ( TokSymbol
            { tsText = ";"
            , tsID = 20
            }
        )
    )
, PT
    ( Pn 144 13 5 )
    ( TK
        ( TokSymbol
            { tsText = "("
            , tsID = 6
            }
        )
    )
, PT
    ( Pn 145 13 6 )
    ( TK
        ( TokSymbol
            { tsText = "u64"
            , tsID = 57
            }
        )
    )
, PT
    ( Pn 148 13 9 )
    ( TK
        ( TokSymbol
            { tsText = ")"
            , tsID = 7
            }
        )
    )
, PT
    ( Pn 150 13 11 )
    ( TI "1" )
, PT
    ( Pn 151 13 12 )
    ( TK
        ( TokSymbol
            { tsText = ";"
            , tsID = 20
            }
        )
    )
, PT
    ( Pn 157 14 5 )
    ( T_IDENT "p" )
, PT
    ( Pn 159 14 7 )
    ( T_IDENT "x" )
, PT
    ( Pn 161 14 9 )
    ( TK
        ( TokSymbol
            { tsText = "."
            , tsID = 16
            }
        )
    )
, PT
    ( Pn 162 14 10 )
    ( TK
        ( TokSymbol
            { tsText = "``"
            , tsID = 34
            }
        )
    )
, PT
    ( Pn 164 14 12 )
    ( TK
        ( TokSymbol
            { tsText = ";"
            , tsID = 20
            }
        )
    )
, PT
    ( Pn 170 15 5 )
    ( T_IDENT "p" )
, PT
    ( Pn 172 15 7 )
    ( T_IDENT "x" )
, PT
    ( Pn 174 15 9 )
    ( TK
        ( TokSymbol
            { tsText = "->"
            , tsID = 15
            }
        )
    )
, PT
    ( Pn 176 15 11 )
    ( TK
        ( TokSymbol
            { tsText = "``"
            , tsID = 34
            }
        )
    )
, PT
    ( Pn 178 15 13 )
    ( TK
        ( TokSymbol
            { tsText = ";"
            , tsID = 20
            }
        )
    )
, PT
    ( Pn 184 16 5 )
    ( TK
        ( TokSymbol
            { tsText = "`"
            , tsID = 33
            }
        )
    )
, PT
    ( Pn 185 16 6 )
    ( TK
        ( TokSymbol
            { tsText = "*"
            , tsID = 8
            }
        )
    )
, PT
    ( Pn 186 16 7 )
    ( T_IDENT "p" )
, PT
    ( Pn 187 16 8 )
    ( TK
        ( TokSymbol
            { tsText = ";"
            , tsID = 20
            }
        )
    )
, PT
    ( Pn 193 17 5 )
    ( TK
        ( TokSymbol
            { tsText = "`"
            , tsID = 33
            }
        )
    )
, PT
    ( Pn 194 17 6 )
    ( TK
        ( TokSymbol
            { tsText = "&"
            , tsID = 4
            }
        )
    )
, PT
    ( Pn 195 17 7 )
    ( T_IDENT "p" )
, PT
    ( Pn 196 17 8 )
    ( TK
        ( TokSymbol
            { tsText = ";"
            , tsID = 20
            }
        )
    )
, PT
    ( Pn 202 18 5 )
    ( TK
        ( TokSymbol
            { tsText = "size?"
            , tsID = 52
            }
        )
    )
, PT
    ( Pn 208 18 11 )
    ( TK
        ( TokSymbol
            { tsText = "u64"
            , tsID = 57
            }
        )
    )
, PT
    ( Pn 211 18 14 )
    ( TK
        ( TokSymbol
            { tsText = ";"
            , tsID = 20
            }
        )
    )
, PT
    ( Pn 217 19 5 )
    ( TK
        ( TokSymbol
            { tsText = "align?"
            , tsID = 35
            }
        )
    )
, PT
    ( Pn 224 19 12 )
    ( TK
        ( TokSymbol
            { tsText = "u64"
            , tsID = 57
            }
        )
    )
, PT
    ( Pn 227 19 15 )
    ( TK
        ( TokSymbol
            { tsText = ";"
            , tsID = 20
            }
        )
    )
, PT
    ( Pn 233 20 5 )
    ( T_IDENT "x" )
, PT
    ( Pn 235 20 7 )
    ( TK
        ( TokSymbol
            { tsText = "++"
            , tsID = 11
            }
        )
    )
, PT
    ( Pn 237 20 9 )
    ( TK
        ( TokSymbol
            { tsText = "`"
            , tsID = 33
            }
        )
    )
, PT
    ( Pn 238 20 10 )
    ( TK
        ( TokSymbol
            { tsText = ";"
            , tsID = 20
            }
        )
    )
, PT
    ( Pn 244 21 5 )
    ( T_IDENT "x" )
, PT
    ( Pn 246 21 7 )
    ( TK
        ( TokSymbol
            { tsText = "--"
            , tsID = 14
            }
        )
    )
, PT
    ( Pn 248 21 9 )
    ( TK
        ( TokSymbol
            { tsText = "`"
            , tsID = 33
            }
        )
    )
, PT
    ( Pn 249 21 10 )
    ( TK
        ( TokSymbol
            { tsText = ";"
            , tsID = 20
            }
        )
    )
, PT
    ( Pn 255 22 5 )
    ( T_IDENT "x" )
, PT
    ( Pn 257 22 7 )
    ( TK
        ( TokSymbol
            { tsText = "-"
            , tsID = 13
            }
        )
    )
, PT
    ( Pn 258 22 8 )
    ( TK
        ( TokSymbol
            { tsText = "`"
            , tsID = 33
            }
        )
    )
, PT
    ( Pn 259 22 9 )
    ( TK
        ( TokSymbol
            { tsText = ";"
            , tsID = 20
            }
        )
    )
, PT
    ( Pn 265 23 5 )
    ( T_IDENT "x" )
, PT
    ( Pn 267 23 7 )
    ( TK
        ( TokSymbol
            { tsText = "~"
            , tsID = 64
            }
        )
    )
, PT
    ( Pn 268 23 8 )
    ( TK
        ( TokSymbol
            { tsText = "`"
            , tsID = 33
            }
        )
    )
, PT
    ( Pn 269 23 9 )
    ( TK
        ( TokSymbol
            { tsText = ";"
            , tsID = 20
            }
        )
    )
, PT
    ( Pn 275 24 5 )
    ( T_IDENT "x" )
, PT
    ( Pn 277 24 7 )
    ( TK
        ( TokSymbol
            { tsText = "!"
            , tsID = 1
            }
        )
    )
, PT
    ( Pn 278 24 8 )
    ( TK
        ( TokSymbol
            { tsText = "`"
            , tsID = 33
            }
        )
    )
, PT
    ( Pn 279 24 9 )
    ( TK
        ( TokSymbol
            { tsText = ";"
            , tsID = 20
            }
        )
    )
, PT
    ( Pn 285 25 5 )
    ( T_IDENT "x" )
, PT
    ( Pn 287 25 7 )
    ( T_IDENT "y" )
, PT
    ( Pn 289 25 9 )
    ( TK
        ( TokSymbol
            { tsText = "+"
            , tsID = 10
            }
        )
    )
, PT
    ( Pn 290 25 10 )
    ( TK
        ( TokSymbol
            { tsText = "``"
            , tsID = 34
            }
        )
    )
, PT
    ( Pn 292 25 12 )
    ( TK
        ( TokSymbol
            { tsText = ";"
            , tsID = 20
            }
        )
    )
, PT
    ( Pn 298 26 5 )
    ( T_IDENT "x" )
, PT
    ( Pn 300 26 7 )
    ( T_IDENT "y" )
, PT
    ( Pn 302 26 9 )
    ( TK
        ( TokSymbol
            { tsText = "-"
            , tsID = 13
            }
        )
    )
, PT
    ( Pn 303 26 10 )
    ( TK
        ( TokSymbol
            { tsText = "``"
            , tsID = 34
            }
        )
    )
, PT
    ( Pn 305 26 12 )
    ( TK
        ( TokSymbol
            { tsText = ";"
            , tsID = 20
            }
        )
    )
, PT
    ( Pn 311 27 5 )
    ( T_IDENT "x" )
, PT
    ( Pn 313 27 7 )
    ( T_IDENT "y" )
, PT
    ( Pn 315 27 9 )
    ( TK
        ( TokSymbol
            { tsText = "*"
            , tsID = 8
            }
        )
    )
, PT
    ( Pn 316 27 10 )
    ( TK
        ( TokSymbol
            { tsText = "``"
            , tsID = 34
            }
        )
    )
, PT
    ( Pn 318 27 12 )
    ( TK
        ( TokSymbol
            { tsText = ";"
            , tsID = 20
            }
        )
    )
, PT
    ( Pn 324 28 5 )
    ( T_IDENT "x" )
, PT
    ( Pn 326 28 7 )
    ( T_IDENT "y" )
, PT
    ( Pn 328 28 9 )
    ( TK
        ( TokSymbol
            { tsText = "/"
            , tsID = 17
            }
        )
    )
, PT
    ( Pn 329 28 10 )
    ( TK
        ( TokSymbol
            { tsText = "``"
            , tsID = 34
            }
        )
    )
, PT
    ( Pn 331 28 12 )
    ( TK
        ( TokSymbol
            { tsText = ";"
            , tsID = 20
            }
        )
    )
, PT
    ( Pn 337 29 5 )
    ( T_IDENT "x" )
, PT
    ( Pn 339 29 7 )
    ( T_IDENT "y" )
, PT
    ( Pn 341 29 9 )
    ( TK
        ( TokSymbol
            { tsText = "%"
            , tsID = 3
            }
        )
    )
, PT
    ( Pn 342 29 10 )
    ( TK
        ( TokSymbol
            { tsText = "``"
            , tsID = 34
            }
        )
    )
, PT
    ( Pn 344 29 12 )
    ( TK
        ( TokSymbol
            { tsText = ";"
            , tsID = 20
            }
        )
    )
, PT
    ( Pn 350 30 5 )
    ( T_IDENT "x" )
, PT
    ( Pn 352 30 7 )
    ( T_IDENT "y" )
, PT
    ( Pn 354 30 9 )
    ( TK
        ( TokSymbol
            { tsText = "**"
            , tsID = 9
            }
        )
    )
, PT
    ( Pn 356 30 11 )
    ( TK
        ( TokSymbol
            { tsText = "``"
            , tsID = 34
            }
        )
    )
, PT
    ( Pn 358 30 13 )
    ( TK
        ( TokSymbol
            { tsText = ";"
            , tsID = 20
            }
        )
    )
, PT
    ( Pn 364 31 5 )
    ( T_IDENT "x" )
, PT
    ( Pn 366 31 7 )
    ( T_IDENT "y" )
, PT
    ( Pn 368 31 9 )
    ( TK
        ( TokSymbol
            { tsText = "<<"
            , tsID = 22
            }
        )
    )
, PT
    ( Pn 370 31 11 )
    ( TK
        ( TokSymbol
            { tsText = "``"
            , tsID = 34
            }
        )
    )
, PT
    ( Pn 372 31 13 )
    ( TK
        ( TokSymbol
            { tsText = ";"
            , tsID = 20
            }
        )
    )
, PT
    ( Pn 378 32 5 )
    ( T_IDENT "x" )
, PT
    ( Pn 380 32 7 )
    ( T_IDENT "y" )
, PT
    ( Pn 382 32 9 )
    ( TK
        ( TokSymbol
            { tsText = ">>"
            , tsID = 28
            }
        )
    )
, PT
    ( Pn 384 32 11 )
    ( TK
        ( TokSymbol
            { tsText = "``"
            , tsID = 34
            }
        )
    )
, PT
    ( Pn 386 32 13 )
    ( TK
        ( TokSymbol
            { tsText = ";"
            , tsID = 20
            }
        )
    )
, PT
    ( Pn 392 33 5 )
    ( T_IDENT "x" )
, PT
    ( Pn 394 33 7 )
    ( T_IDENT "y" )
, PT
    ( Pn 396 33 9 )
    ( TK
        ( TokSymbol
            { tsText = "&"
            , tsID = 4
            }
        )
    )
, PT
    ( Pn 397 33 10 )
    ( TK
        ( TokSymbol
            { tsText = "``"
            , tsID = 34
            }
        )
    )
, PT
    ( Pn 399 33 12 )
    ( TK
        ( TokSymbol
            { tsText = ";"
            , tsID = 20
            }
        )
    )
, PT
    ( Pn 405 34 5 )
    ( T_IDENT "x" )
, PT
    ( Pn 407 34 7 )
    ( T_IDENT "y" )
, PT
    ( Pn 409 34 9 )
    ( TK
        ( TokSymbol
            { tsText = "|"
            , tsID = 62
            }
        )
    )
, PT
    ( Pn 410 34 10 )
    ( TK
        ( TokSymbol
            { tsText = "``"
            , tsID = 34
            }
        )
    )
, PT
    ( Pn 412 34 12 )
    ( TK
        ( TokSymbol
            { tsText = ";"
            , tsID = 20
            }
        )
    )
, PT
    ( Pn 418 35 5 )
    ( T_IDENT "x" )
, PT
    ( Pn 420 35 7 )
    ( T_IDENT "y" )
, PT
    ( Pn 422 35 9 )
    ( TK
        ( TokSymbol
            { tsText = "^"
            , tsID = 32
            }
        )
    )
, PT
    ( Pn 423 35 10 )
    ( TK
        ( TokSymbol
            { tsText = "``"
            , tsID = 34
            }
        )
    )
, PT
    ( Pn 425 35 12 )
    ( TK
        ( TokSymbol
            { tsText = ";"
            , tsID = 20
            }
        )
    )
, PT
    ( Pn 431 36 5 )
    ( T_IDENT "x" )
, PT
    ( Pn 433 36 7 )
    ( T_IDENT "y" )
, PT
    ( Pn 435 36 9 )
    ( TK
        ( TokSymbol
            { tsText = "=="
            , tsID = 25
            }
        )
    )
, PT
    ( Pn 437 36 11 )
    ( TK
        ( TokSymbol
            { tsText = "``"
            , tsID = 34
            }
        )
    )
, PT
    ( Pn 439 36 13 )
    ( TK
        ( TokSymbol
            { tsText = ";"
            , tsID = 20
            }
        )
    )
, PT
    ( Pn 445 37 5 )
    ( T_IDENT "x" )
, PT
    ( Pn 447 37 7 )
    ( T_IDENT "y" )
, PT
    ( Pn 449 37 9 )
    ( TK
        ( TokSymbol
            { tsText = "!="
            , tsID = 2
            }
        )
    )
, PT
    ( Pn 451 37 11 )
    ( TK
        ( TokSymbol
            { tsText = "``"
            , tsID = 34
            }
        )
    )
, PT
    ( Pn 453 37 13 )
    ( TK
        ( TokSymbol
            { tsText = ";"
            , tsID = 20
            }
        )
    )
, PT
    ( Pn 459 38 5 )
    ( T_IDENT "x" )
, PT
    ( Pn 461 38 7 )
    ( T_IDENT "y" )
, PT
    ( Pn 463 38 9 )
    ( TK
        ( TokSymbol
            { tsText = "<"
            , tsID = 21
            }
        )
    )
, PT
    ( Pn 464 38 10 )
    ( TK
        ( TokSymbol
            { tsText = "``"
            , tsID = 34
            }
        )
    )
, PT
    ( Pn 466 38 12 )
    ( TK
        ( TokSymbol
            { tsText = ";"
            , tsID = 20
            }
        )
    )
, PT
    ( Pn 472 39 5 )
    ( T_IDENT "x" )
, PT
    ( Pn 474 39 7 )
    ( T_IDENT "y" )
, PT
    ( Pn 476 39 9 )
    ( TK
        ( TokSymbol
            { tsText = ">"
            , tsID = 26
            }
        )
    )
, PT
    ( Pn 477 39 10 )
    ( TK
        ( TokSymbol
            { tsText = "``"
            , tsID = 34
            }
        )
    )
, PT
    ( Pn 479 39 12 )
    ( TK
        ( TokSymbol
            { tsText = ";"
            , tsID = 20
            }
        )
    )
, PT
    ( Pn 485 40 5 )
    ( T_IDENT "x" )
, PT
    ( Pn 487 40 7 )
    ( T_IDENT "y" )
, PT
    ( Pn 489 40 9 )
    ( TK
        ( TokSymbol
            { tsText = "<="
            , tsID = 23
            }
        )
    )
, PT
    ( Pn 491 40 11 )
    ( TK
        ( TokSymbol
            { tsText = "``"
            , tsID = 34
            }
        )
    )
, PT
    ( Pn 493 40 13 )
    ( TK
        ( TokSymbol
            { tsText = ";"
            , tsID = 20
            }
        )
    )
, PT
    ( Pn 499 41 5 )
    ( T_IDENT "x" )
, PT
    ( Pn 501 41 7 )
    ( T_IDENT "y" )
, PT
    ( Pn 503 41 9 )
    ( TK
        ( TokSymbol
            { tsText = ">="
            , tsID = 27
            }
        )
    )
, PT
    ( Pn 505 41 11 )
    ( TK
        ( TokSymbol
            { tsText = "``"
            , tsID = 34
            }
        )
    )
, PT
    ( Pn 507 41 13 )
    ( TK
        ( TokSymbol
            { tsText = ";"
            , tsID = 20
            }
        )
    )
, PT
    ( Pn 513 42 5 )
    ( T_IDENT "x" )
, PT
    ( Pn 515 42 7 )
    ( T_IDENT "y" )
, PT
    ( Pn 517 42 9 )
    ( TK
        ( TokSymbol
            { tsText = "&&"
            , tsID = 5
            }
        )
    )
, PT
    ( Pn 519 42 11 )
    ( TK
        ( TokSymbol
            { tsText = "``"
            , tsID = 34
            }
        )
    )
, PT
    ( Pn 521 42 13 )
    ( TK
        ( TokSymbol
            { tsText = ";"
            , tsID = 20
            }
        )
    )
, PT
    ( Pn 527 43 5 )
    ( T_IDENT "x" )
, PT
    ( Pn 529 43 7 )
    ( T_IDENT "y" )
, PT
    ( Pn 531 43 9 )
    ( TK
        ( TokSymbol
            { tsText = "||"
            , tsID = 63
            }
        )
    )
, PT
    ( Pn 533 43 11 )
    ( TK
        ( TokSymbol
            { tsText = "``"
            , tsID = 34
            }
        )
    )
, PT
    ( Pn 535 43 13 )
    ( TK
        ( TokSymbol
            { tsText = ";"
            , tsID = 20
            }
        )
    )
, PT
    ( Pn 537 44 1 )
    ( TK
        ( TokSymbol
            { tsText = "end"
            , tsID = 40
            }
        )
    )
]