PProgram
    [ PUFunction
        ( FFunction
            ( IDENT "main" ) [] TVoid
            [ SExpr ENil
            , SExpr ETrue
            , SExpr EFalse
            , SExpr
                ( EChar 'c' )
            , SExpr
                ( EInt 1 )
            , SExpr
                ( EDouble 3.14159 )
            , SExpr
                ( EString "string" )
            , SExpr
                ( EIdent
                    ( IDENT "x" )
                )
            , SExpr
                ( ECall
                    ( IDENT "main" ) []
                )
            , SExpr
                ( ECall
                    ( IDENT "main" )
                    [ EInt 1 ]
                )
            , SExpr
                ( ECall
                    ( IDENT "main" )
                    [ EInt 1
                    , EInt 2
                    ]
                )
            , SExpr
                ( ECast TUint64
                    ( EInt 1 )
                )
            , SExpr
                ( EBinOpPost
                    ( EIdent
                        ( IDENT "p" )
                    )
                    ( EIdent
                        ( IDENT "x" )
                    ) BOAccess
                )
            , SExpr
                ( EBinOpPost
                    ( EIdent
                        ( IDENT "p" )
                    )
                    ( EIdent
                        ( IDENT "x" )
                    ) BOPAccess
                )
            , SExpr
                ( EUnOpPre UODeref
                    ( EIdent
                        ( IDENT "p" )
                    )
                )
            , SExpr
                ( EUnOpPre UORef
                    ( EIdent
                        ( IDENT "p" )
                    )
                )
            , SExpr ( ESizeof TUint64 )
            , SExpr ( EAlignof TUint64 )
            , SExpr
                ( EUnOpPost
                    ( EIdent
                        ( IDENT "x" )
                    ) UOIncr
                )
            , SExpr
                ( EUnOpPost
                    ( EIdent
                        ( IDENT "x" )
                    ) UODecr
                )
            , SExpr
                ( EUnOpPost
                    ( EIdent
                        ( IDENT "x" )
                    ) UONegative
                )
            , SExpr
                ( EUnOpPost
                    ( EIdent
                        ( IDENT "x" )
                    ) UOBitNot
                )
            , SExpr
                ( EUnOpPost
                    ( EIdent
                        ( IDENT "x" )
                    ) UONot
                )
            , SExpr
                ( EBinOpPost
                    ( EIdent
                        ( IDENT "x" )
                    )
                    ( EIdent
                        ( IDENT "y" )
                    ) BOAdd
                )
            , SExpr
                ( EBinOpPost
                    ( EIdent
                        ( IDENT "x" )
                    )
                    ( EIdent
                        ( IDENT "y" )
                    ) BOSubtract
                )
            , SExpr
                ( EBinOpPost
                    ( EIdent
                        ( IDENT "x" )
                    )
                    ( EIdent
                        ( IDENT "y" )
                    ) BOMultiply
                )
            , SExpr
                ( EBinOpPost
                    ( EIdent
                        ( IDENT "x" )
                    )
                    ( EIdent
                        ( IDENT "y" )
                    ) BODivide
                )
            , SExpr
                ( EBinOpPost
                    ( EIdent
                        ( IDENT "x" )
                    )
                    ( EIdent
                        ( IDENT "y" )
                    ) BOMod
                )
            , SExpr
                ( EBinOpPost
                    ( EIdent
                        ( IDENT "x" )
                    )
                    ( EIdent
                        ( IDENT "y" )
                    ) BOPower
                )
            , SExpr
                ( EBinOpPost
                    ( EIdent
                        ( IDENT "x" )
                    )
                    ( EIdent
                        ( IDENT "y" )
                    ) BOBitShl
                )
            , SExpr
                ( EBinOpPost
                    ( EIdent
                        ( IDENT "x" )
                    )
                    ( EIdent
                        ( IDENT "y" )
                    ) BOBitShr
                )
            , SExpr
                ( EBinOpPost
                    ( EIdent
                        ( IDENT "x" )
                    )
                    ( EIdent
                        ( IDENT "y" )
                    ) BOBitAnd
                )
            , SExpr
                ( EBinOpPost
                    ( EIdent
                        ( IDENT "x" )
                    )
                    ( EIdent
                        ( IDENT "y" )
                    ) BOBitOr
                )
            , SExpr
                ( EBinOpPost
                    ( EIdent
                        ( IDENT "x" )
                    )
                    ( EIdent
                        ( IDENT "y" )
                    ) BOBitXor
                )
            , SExpr
                ( EBinOpPost
                    ( EIdent
                        ( IDENT "x" )
                    )
                    ( EIdent
                        ( IDENT "y" )
                    ) BOEqual
                )
            , SExpr
                ( EBinOpPost
                    ( EIdent
                        ( IDENT "x" )
                    )
                    ( EIdent
                        ( IDENT "y" )
                    ) BONotEqual
                )
            , SExpr
                ( EBinOpPost
                    ( EIdent
                        ( IDENT "x" )
                    )
                    ( EIdent
                        ( IDENT "y" )
                    ) BOLess
                )
            , SExpr
                ( EBinOpPost
                    ( EIdent
                        ( IDENT "x" )
                    )
                    ( EIdent
                        ( IDENT "y" )
                    ) BOGreater
                )
            , SExpr
                ( EBinOpPost
                    ( EIdent
                        ( IDENT "x" )
                    )
                    ( EIdent
                        ( IDENT "y" )
                    ) BOLessEqual
                )
            , SExpr
                ( EBinOpPost
                    ( EIdent
                        ( IDENT "x" )
                    )
                    ( EIdent
                        ( IDENT "y" )
                    ) BOGreaterEqual
                )
            , SExpr
                ( EBinOpPost
                    ( EIdent
                        ( IDENT "x" )
                    )
                    ( EIdent
                        ( IDENT "y" )
                    ) BOAnd
                )
            , SExpr
                ( EBinOpPost
                    ( EIdent
                        ( IDENT "x" )
                    )
                    ( EIdent
                        ( IDENT "y" )
                    ) BOOr
                )
            ]
        )
    ]