[ PT
    ( Pn 0 1 1 )
    ( TK
        ( TokSymbol
            { tsText = "func"
            , tsID = 42
            }
        )
    )
, PT
    ( Pn 5 1 6 )
    ( T_IDENT "fib" )
, PT
    ( Pn 8 1 9 )
    ( TK
        ( TokSymbol
            { tsText = "("
            , tsID = 6
            }
        )
    )
, PT
    ( Pn 9 1 10 )
    ( T_IDENT "n" )
, PT
    ( Pn 11 1 12 )
    ( TK
        ( TokSymbol
            { tsText = "@"
            , tsID = 29
            }
        )
    )
, PT
    ( Pn 12 1 13 )
    ( T_IDENT "u64" )
, PT
    ( Pn 15 1 16 )
    ( TK
        ( TokSymbol
            { tsText = ")"
            , tsID = 7
            }
        )
    )
, PT
    ( Pn 17 1 18 )
    ( TK
        ( TokSymbol
            { tsText = "@"
            , tsID = 29
            }
        )
    )
, PT
    ( Pn 18 1 19 )
    ( T_IDENT "u64" )
, PT
    ( Pn 21 1 22 )
    ( TK
        ( TokSymbol
            { tsText = ":"
            , tsID = 18
            }
        )
    )
, PT
    ( Pn 27 2 5 )
    ( TK
        ( TokSymbol
            { tsText = "if"
            , tsID = 44
            }
        )
    )
, PT
    ( Pn 30 2 8 )
    ( T_IDENT "n" )
, PT
    ( Pn 32 2 10 )
    ( TK
        ( TokSymbol
            { tsText = "<"
            , tsID = 21
            }
        )
    )
, PT
    ( Pn 34 2 12 )
    ( TI "2" )
, PT
    ( Pn 35 2 13 )
    ( TK
        ( TokSymbol
            { tsText = ":"
            , tsID = 18
            }
        )
    )
, PT
    ( Pn 45 3 9 )
    ( TK
        ( TokSymbol
            { tsText = "return"
            , tsID = 46
            }
        )
    )
, PT
    ( Pn 52 3 16 )
    ( T_IDENT "n" )
, PT
    ( Pn 53 3 17 )
    ( TK
        ( TokSymbol
            { tsText = ";"
            , tsID = 20
            }
        )
    )
, PT
    ( Pn 59 4 5 )
    ( TK
        ( TokSymbol
            { tsText = "end"
            , tsID = 39
            }
        )
    )
, PT
    ( Pn 67 5 5 )
    ( TK
        ( TokSymbol
            { tsText = "return"
            , tsID = 46
            }
        )
    )
, PT
    ( Pn 74 5 12 )
    ( T_IDENT "fib" )
, PT
    ( Pn 77 5 15 )
    ( TK
        ( TokSymbol
            { tsText = "("
            , tsID = 6
            }
        )
    )
, PT
    ( Pn 78 5 16 )
    ( T_IDENT "n" )
, PT
    ( Pn 80 5 18 )
    ( TK
        ( TokSymbol
            { tsText = "-"
            , tsID = 13
            }
        )
    )
, PT
    ( Pn 82 5 20 )
    ( TI "1" )
, PT
    ( Pn 83 5 21 )
    ( TK
        ( TokSymbol
            { tsText = ")"
            , tsID = 7
            }
        )
    )
, PT
    ( Pn 85 5 23 )
    ( TK
        ( TokSymbol
            { tsText = "+"
            , tsID = 10
            }
        )
    )
, PT
    ( Pn 87 5 25 )
    ( T_IDENT "fib" )
, PT
    ( Pn 90 5 28 )
    ( TK
        ( TokSymbol
            { tsText = "("
            , tsID = 6
            }
        )
    )
, PT
    ( Pn 91 5 29 )
    ( T_IDENT "n" )
, PT
    ( Pn 93 5 31 )
    ( TK
        ( TokSymbol
            { tsText = "-"
            , tsID = 13
            }
        )
    )
, PT
    ( Pn 95 5 33 )
    ( TI "2" )
, PT
    ( Pn 96 5 34 )
    ( TK
        ( TokSymbol
            { tsText = ")"
            , tsID = 7
            }
        )
    )
, PT
    ( Pn 97 5 35 )
    ( TK
        ( TokSymbol
            { tsText = ";"
            , tsID = 20
            }
        )
    )
, PT
    ( Pn 99 6 1 )
    ( TK
        ( TokSymbol
            { tsText = "end"
            , tsID = 39
            }
        )
    )
, PT
    ( Pn 104 8 1 )
    ( TK
        ( TokSymbol
            { tsText = "func"
            , tsID = 42
            }
        )
    )
, PT
    ( Pn 109 8 6 )
    ( T_IDENT "main" )
, PT
    ( Pn 113 8 10 )
    ( TK
        ( TokSymbol
            { tsText = "("
            , tsID = 6
            }
        )
    )
, PT
    ( Pn 114 8 11 )
    ( TK
        ( TokSymbol
            { tsText = ")"
            , tsID = 7
            }
        )
    )
, PT
    ( Pn 116 8 13 )
    ( TK
        ( TokSymbol
            { tsText = "@"
            , tsID = 29
            }
        )
    )
, PT
    ( Pn 117 8 14 )
    ( TK
        ( TokSymbol
            { tsText = "void"
            , tsID = 51
            }
        )
    )
, PT
    ( Pn 121 8 18 )
    ( TK
        ( TokSymbol
            { tsText = ":"
            , tsID = 18
            }
        )
    )
, PT
    ( Pn 127 9 5 )
    ( T_IDENT "n" )
, PT
    ( Pn 129 9 7 )
    ( TK
        ( TokSymbol
            { tsText = "@"
            , tsID = 29
            }
        )
    )
, PT
    ( Pn 130 9 8 )
    ( T_IDENT "u64" )
, PT
    ( Pn 134 9 12 )
    ( TK
        ( TokSymbol
            { tsText = ":="
            , tsID = 19
            }
        )
    )
, PT
    ( Pn 137 9 15 )
    ( TI "1" )
, PT
    ( Pn 138 9 16 )
    ( TK
        ( TokSymbol
            { tsText = ";"
            , tsID = 20
            }
        )
    )
, PT
    ( Pn 144 10 5 )
    ( TK
        ( TokSymbol
            { tsText = "while"
            , tsID = 52
            }
        )
    )
, PT
    ( Pn 150 10 11 )
    ( T_IDENT "n" )
, PT
    ( Pn 152 10 13 )
    ( TK
        ( TokSymbol
            { tsText = "<"
            , tsID = 21
            }
        )
    )
, PT
    ( Pn 154 10 15 )
    ( TI "15" )
, PT
    ( Pn 156 10 17 )
    ( TK
        ( TokSymbol
            { tsText = ":"
            , tsID = 18
            }
        )
    )
, PT
    ( Pn 166 11 9 )
    ( T_IDENT "print" )
, PT
    ( Pn 171 11 14 )
    ( TK
        ( TokSymbol
            { tsText = "("
            , tsID = 6
            }
        )
    )
, PT
    ( Pn 172 11 15 )
    ( T_IDENT "fib" )
, PT
    ( Pn 175 11 18 )
    ( TK
        ( TokSymbol
            { tsText = "("
            , tsID = 6
            }
        )
    )
, PT
    ( Pn 176 11 19 )
    ( T_IDENT "n" )
, PT
    ( Pn 177 11 20 )
    ( TK
        ( TokSymbol
            { tsText = ")"
            , tsID = 7
            }
        )
    )
, PT
    ( Pn 178 11 21 )
    ( TK
        ( TokSymbol
            { tsText = ")"
            , tsID = 7
            }
        )
    )
, PT
    ( Pn 179 11 22 )
    ( TK
        ( TokSymbol
            { tsText = ";"
            , tsID = 20
            }
        )
    )
, PT
    ( Pn 189 12 9 )
    ( TK
        ( TokSymbol
            { tsText = "++"
            , tsID = 11
            }
        )
    )
, PT
    ( Pn 191 12 11 )
    ( T_IDENT "n" )
, PT
    ( Pn 192 12 12 )
    ( TK
        ( TokSymbol
            { tsText = ";"
            , tsID = 20
            }
        )
    )
, PT
    ( Pn 198 13 5 )
    ( TK
        ( TokSymbol
            { tsText = "end"
            , tsID = 39
            }
        )
    )
, PT
    ( Pn 202 14 1 )
    ( TK
        ( TokSymbol
            { tsText = "end"
            , tsID = 39
            }
        )
    )
]