PProgram
    [ PUFunction
        ( FFunction
            ( IDENT "fib" )
            [ BBind
                ( IDENT "n" )
                ( TIdent
                    ( IDENT "u64" )
                )
            ]
            ( TIdent
                ( IDENT "u64" )
            )
            [ SIf
                ( ELess
                    ( EIdent
                        ( IDENT "n" )
                    )
                    ( EInt 2 )
                )
                [ SReturn
                    ( EIdent
                        ( IDENT "n" )
                    )
                ] []
            , SReturn
                ( EAdd
                    ( ECall
                        ( IDENT "fib" )
                        [ ESubtract
                            ( EIdent
                                ( IDENT "n" )
                            )
                            ( EInt 1 )
                        ]
                    )
                    ( ECall
                        ( IDENT "fib" )
                        [ ESubtract
                            ( EIdent
                                ( IDENT "n" )
                            )
                            ( EInt 2 )
                        ]
                    )
                )
            ]
        )
    , PUFunction
        ( FFunction
            ( IDENT "main" ) [] TVoid
            [ SBind
                ( BBind
                    ( IDENT "n" )
                    ( TIdent
                        ( IDENT "u64" )
                    )
                )
                ( EInt 1 )
            , SWhile
                ( ELess
                    ( EIdent
                        ( IDENT "n" )
                    )
                    ( EInt 15 )
                )
                [ SExpr
                    ( ECall
                        ( IDENT "print" )
                        [ ECall
                            ( IDENT "fib" )
                            [ EIdent
                                ( IDENT "n" )
                            ]
                        ]
                    )
                , SExpr
                    ( EIncr
                        ( EIdent
                            ( IDENT "n" )
                        )
                    )
                ]
            ]
        )
    ]