PProgram
    [ PURecord
        ( RRecord RTStruct
            ( IDENT "Point" )
            [ BBind
                ( IDENT "x" ) TFloat64
            , BBind
                ( IDENT "y" ) TFloat64
            ]
        )
    , PUFunction
        ( FFunction
            ( IDENT "main" ) [] TVoid
            [ SBind
                ( BBind
                    ( IDENT "p" )
                    ( TIdent
                        ( IDENT "Point" )
                    )
                )
                ( EIdent
                    ( IDENT "Point" )
                )
            , SExpr
                ( EAssign
                    ( EAccess
                        ( EIdent
                            ( IDENT "p" )
                        )
                        ( EIdent
                            ( IDENT "x" )
                        )
                    )
                    ( EDouble 1.0 )
                )
            , SExpr
                ( EAssign
                    ( EAccess
                        ( EIdent
                            ( IDENT "p" )
                        )
                        ( EIdent
                            ( IDENT "y" )
                        )
                    )
                    ( EDouble 2.0 )
                )
            ]
        )
    ]